N 25 
N 76 
N 38 
N 19 
N 58 
N 29 
N 88 
N 44 
N 22 
N 11 
N 34 
N 17 
N 52 
N 26 
N 13 
N 40 
N 20 
N 10 
N 5 
N 16 
N 8 
N 4 
N 2 
